Excited Photonic Matter about to be processed.
Estimated to need to process 1 combinations to complete.
Excited Photonic Matter has been proccessed.
1 combinations have been processed.
1 recipes were output.
0 recipes were filtered due to number of machines.
Execution time: 0.000919299 seconds.
Output time: 0.0429827 seconds.

Reanimated SAM about to be processed.
Estimated to need to process 1 combinations to complete.
Reanimated SAM has been proccessed.
1 combinations have been processed.
1 recipes were output.
0 recipes were filtered due to number of machines.
Execution time: 0.00137525 seconds.
Output time: 0.0481209 seconds.

Heavy Oil Residue about to be processed.
Estimated to need to process 1 combinations to complete.
Heavy Oil Residue has been proccessed.
1 combinations have been processed.
1 recipes were output.
0 recipes were filtered due to number of machines.
Execution time: 0.00128261 seconds.
Output time: 0.0428357 seconds.

Polymer Resin about to be processed.
Estimated to need to process 1 combinations to complete.
Polymer Resin has been proccessed.
1 combinations have been processed.
1 recipes were output.
0 recipes were filtered due to number of machines.
Execution time: 0.00112796 seconds.
Output time: 0.0358383 seconds.

Silica about to be processed.
Estimated to need to process 2 combinations to complete.
Silica has been proccessed.
2 combinations have been processed.
2 recipes were output.
0 recipes were filtered due to number of machines.
Execution time: 0.00118441 seconds.
Output time: 0.0420708 seconds.

FICSMAS Actual Snow about to be processed.
Estimated to need to process 1 combinations to complete.
FICSMAS Actual Snow has been proccessed.
1 combinations have been processed.
1 recipes were output.
0 recipes were filtered due to number of machines.
Execution time: 0.000976488 seconds.
Output time: 0.0404673 seconds.

Red FICSMAS Ornament about to be processed.
Estimated to need to process 1 combinations to complete.
Red FICSMAS Ornament has been proccessed.
1 combinations have been processed.
1 recipes were output.
0 recipes were filtered due to number of machines.
Execution time: 0.000728828 seconds.
Output time: 0.0413552 seconds.

FICSMAS Bow about to be processed.
Estimated to need to process 1 combinations to complete.
FICSMAS Bow has been proccessed.
1 combinations have been processed.
1 recipes were output.
0 recipes were filtered due to number of machines.
Execution time: 0.000961226 seconds.
Output time: 0.0445221 seconds.

FICSMAS Tree Branch about to be processed.
Estimated to need to process 1 combinations to complete.
FICSMAS Tree Branch has been proccessed.
1 combinations have been processed.
1 recipes were output.
0 recipes were filtered due to number of machines.
Execution time: 0.00105215 seconds.
Output time: 0.04815 seconds.

Candy Cane about to be processed.
Estimated to need to process 1 combinations to complete.
Candy Cane has been proccessed.
1 combinations have been processed.
1 recipes were output.
0 recipes were filtered due to number of machines.
Execution time: 0.00146019 seconds.
Output time: 0.0482486 seconds.

Blue FICSMAS Ornament about to be processed.
Estimated to need to process 1 combinations to complete.
Blue FICSMAS Ornament has been proccessed.
1 combinations have been processed.
1 recipes were output.
0 recipes were filtered due to number of machines.
Execution time: 0.00123341 seconds.
Output time: 0.0400635 seconds.

Compacted Coal about to be processed.
Estimated to need to process 1 combinations to complete.
Compacted Coal has been proccessed.
1 combinations have been processed.
1 recipes were output.
0 recipes were filtered due to number of machines.
Execution time: 0.00106103 seconds.
Output time: 0.0422013 seconds.

Alumina Solution about to be processed.
Estimated to need to process 2 combinations to complete.
Alumina Solution has been proccessed.
2 combinations have been processed.
2 recipes were output.
0 recipes were filtered due to number of machines.
Execution time: 0.00117168 seconds.
Output time: 0.0362314 seconds.

Quartz Crystal about to be processed.
Estimated to need to process 3 combinations to complete.
Quartz Crystal has been proccessed.
3 combinations have been processed.
3 recipes were output.
0 recipes were filtered due to number of machines.
Execution time: 0.000961732 seconds.
Output time: 0.0278219 seconds.

Sulfuric Acid about to be processed.
Estimated to need to process 1 combinations to complete.
Sulfuric Acid has been proccessed.
1 combinations have been processed.
1 recipes were output.
0 recipes were filtered due to number of machines.
Execution time: 0.000806454 seconds.
Output time: 0.0293724 seconds.

Dark Matter Residue about to be processed.
Estimated to need to process 1 combinations to complete.
Dark Matter Residue has been proccessed.
1 combinations have been processed.
1 recipes were output.
0 recipes were filtered due to number of machines.
Execution time: 0.000881792 seconds.
Output time: 0.0309509 seconds.

Fuel about to be processed.
Estimated to need to process 3 combinations to complete.
Fuel has been proccessed.
3 combinations have been processed.
3 recipes were output.
0 recipes were filtered due to number of machines.
Execution time: 0.000730877 seconds.
Output time: 0.0424958 seconds.

Petroleum Coke about to be processed.
Estimated to need to process 1 combinations to complete.
Petroleum Coke has been proccessed.
1 combinations have been processed.
1 recipes were output.
0 recipes were filtered due to number of machines.
Execution time: 0.000969427 seconds.
Output time: 0.0451783 seconds.

Rubber about to be processed.
Estimated to need to process 2 combinations to complete.
Rubber has been proccessed.
2 combinations have been processed.
2 recipes were output.
0 recipes were filtered due to number of machines.
Execution time: 0.00141182 seconds.
Output time: 0.0416219 seconds.

Plastic about to be processed.
Estimated to need to process 2 combinations to complete.
Plastic has been proccessed.
2 combinations have been processed.
2 recipes were output.
0 recipes were filtered due to number of machines.
Execution time: 0.00141582 seconds.
Output time: 0.0416038 seconds.

Snowball about to be processed.
Estimated to need to process 1 combinations to complete.
Snowball has been proccessed.
1 combinations have been processed.
1 recipes were output.
0 recipes were filtered due to number of machines.
Execution time: 0.00118607 seconds.
Output time: 0.0428927 seconds.

Fancy Fireworks about to be processed.
Estimated to need to process 1 combinations to complete.
Fancy Fireworks has been proccessed.
1 combinations have been processed.
1 recipes were output.
0 recipes were filtered due to number of machines.
Execution time: 0.00175882 seconds.
Output time: 0.0556245 seconds.

Sparkly Fireworks about to be processed.
Estimated to need to process 1 combinations to complete.
Sparkly Fireworks has been proccessed.
1 combinations have been processed.
1 recipes were output.
0 recipes were filtered due to number of machines.
Execution time: 0.00150883 seconds.
Output time: 0.0489491 seconds.

Sweet Fireworks about to be processed.
Estimated to need to process 1 combinations to complete.
Sweet Fireworks has been proccessed.
1 combinations have been processed.
1 recipes were output.
0 recipes were filtered due to number of machines.
Execution time: 0.001155 seconds.
Output time: 0.0425028 seconds.

Iron Ingot about to be processed.
Estimated to need to process 5 combinations to complete.
Iron Ingot has been proccessed.
5 combinations have been processed.
5 recipes were output.
0 recipes were filtered due to number of machines.
Execution time: 0.0011193 seconds.
Output time: 0.043509 seconds.

Caterium Ingot about to be processed.
Estimated to need to process 4 combinations to complete.
Caterium Ingot has been proccessed.
4 combinations have been processed.
4 recipes were output.
0 recipes were filtered due to number of machines.
Execution time: 0.00142284 seconds.
Output time: 0.041461 seconds.

Copper Ingot about to be processed.
Estimated to need to process 5 combinations to complete.
Copper Ingot has been proccessed.
5 combinations have been processed.
5 recipes were output.
0 recipes were filtered due to number of machines.
Execution time: 0.00107755 seconds.
Output time: 0.0355056 seconds.

Aluminum Scrap about to be processed.
Estimated to need to process 5 combinations to complete.
Aluminum Scrap has been proccessed.
5 combinations have been processed.
5 recipes were output.
0 recipes were filtered due to number of machines.
Execution time: 0.00125053 seconds.
Output time: 0.045362 seconds.

Diamonds about to be processed.
Estimated to need to process 7 combinations to complete.
Diamonds has been proccessed.
7 combinations have been processed.
7 recipes were output.
0 recipes were filtered due to number of machines.
Execution time: 0.00181872 seconds.
Output time: 0.0425422 seconds.

Concrete about to be processed.
Estimated to need to process 6 combinations to complete.
Concrete has been proccessed.
6 combinations have been processed.
6 recipes were output.
0 recipes were filtered due to number of machines.
Execution time: 0.00107712 seconds.
Output time: 0.0428967 seconds.

Steel Ingot about to be processed.
Estimated to need to process 8 combinations to complete.
Steel Ingot has been proccessed.
8 combinations have been processed.
8 recipes were output.
0 recipes were filtered due to number of machines.
Execution time: 0.00100382 seconds.
Output time: 0.0425557 seconds.

Iron FICSMAS Ornament about to be processed.
Estimated to need to process 5 combinations to complete.
Iron FICSMAS Ornament has been proccessed.
5 combinations have been processed.
5 recipes were output.
0 recipes were filtered due to number of machines.
Execution time: 0.00100662 seconds.
Output time: 0.0423907 seconds.

Quickwire about to be processed.
Estimated to need to process 24 combinations to complete.
Quickwire has been proccessed.
24 combinations have been processed.
22 recipes were output.
2 recipes were filtered due to number of machines.
Execution time: 0.001665 seconds.
Output time: 0.0431353 seconds.

Copper Sheet about to be processed.
Estimated to need to process 10 combinations to complete.
Copper Sheet has been proccessed.
10 combinations have been processed.
10 recipes were output.
0 recipes were filtered due to number of machines.
Execution time: 0.00171671 seconds.
Output time: 0.0458054 seconds.

Copper Powder about to be processed.
Estimated to need to process 5 combinations to complete.
Copper Powder has been proccessed.
5 combinations have been processed.
5 recipes were output.
0 recipes were filtered due to number of machines.
Execution time: 0.00131372 seconds.
Output time: 0.0411716 seconds.

Wire about to be processed.
Estimated to need to process 34 combinations to complete.
Wire has been proccessed.
34 combinations have been processed.
27 recipes were output.
7 recipes were filtered due to number of machines.
Execution time: 0.00112366 seconds.
Output time: 0.0314326 seconds.

Copper FICSMAS Ornament about to be processed.
Estimated to need to process 5 combinations to complete.
Copper FICSMAS Ornament has been proccessed.
5 combinations have been processed.
5 recipes were output.
0 recipes were filtered due to number of machines.
Execution time: 0.00494267 seconds.
Output time: 0.0296906 seconds.

Aluminum Ingot about to be processed.
Estimated to need to process 15 combinations to complete.
Aluminum Ingot has been proccessed.
15 combinations have been processed.
13 recipes were output.
2 recipes were filtered due to number of machines.
Execution time: 0.00138309 seconds.
Output time: 0.0284258 seconds.

Time Crystal about to be processed.
Estimated to need to process 7 combinations to complete.
Time Crystal has been proccessed.
7 combinations have been processed.
7 recipes were output.
0 recipes were filtered due to number of machines.
Execution time: 0.000867691 seconds.
Output time: 0.0271227 seconds.

Steel Pipe about to be processed.
Estimated to need to process 61 combinations to complete.
Steel Pipe has been proccessed.
61 combinations have been processed.
46 recipes were output.
15 recipes were filtered due to number of machines.
Execution time: 0.00235831 seconds.
Output time: 0.0289453 seconds.

Iron Plate about to be processed.
Estimated to need to process 55 combinations to complete.
Iron Plate has been proccessed.
55 combinations have been processed.
28 recipes were output.
27 recipes were filtered due to number of machines.
Execution time: 0.00138994 seconds.
Output time: 0.0312264 seconds.

Encased Uranium Cell about to be processed.
Estimated to need to process 50 combinations to complete.
Encased Uranium Cell has been proccessed.
50 combinations have been processed.
16 recipes were output.
34 recipes were filtered due to number of machines.
Execution time: 0.0018211 seconds.
Output time: 0.0294662 seconds.

AI Limiter about to be processed.
Estimated to need to process 264 combinations to complete.
AI Limiter has been proccessed.
264 combinations have been processed.
86 recipes were output.
178 recipes were filtered due to number of machines.
Execution time: 0.00333061 seconds.
Output time: 0.0322765 seconds.

Circuit Board about to be processed.
Estimated to need to process 86 combinations to complete.
Circuit Board has been proccessed.
86 combinations have been processed.
49 recipes were output.
37 recipes were filtered due to number of machines.
Execution time: 0.00163224 seconds.
Output time: 0.0271626 seconds.

Cable about to be processed.
Estimated to need to process 152 combinations to complete.
Cable has been proccessed.
152 combinations have been processed.
97 recipes were output.
55 recipes were filtered due to number of machines.
Execution time: 0.00246969 seconds.
Output time: 0.0328688 seconds.

FICSMAS Ornament Bundle about to be processed.
Estimated to need to process 25 combinations to complete.
FICSMAS Ornament Bundle has been proccessed.
25 combinations have been processed.
17 recipes were output.
8 recipes were filtered due to number of machines.
Execution time: 0.001188 seconds.
Output time: 0.0318683 seconds.

Aluminum Casing about to be processed.
Estimated to need to process 78 combinations to complete.
Aluminum Casing has been proccessed.
78 combinations have been processed.
71 recipes were output.
7 recipes were filtered due to number of machines.
Execution time: 0.00187675 seconds.
Output time: 0.0359415 seconds.

Alclad Aluminum Sheet about to be processed.
Estimated to need to process 65 combinations to complete.
Alclad Aluminum Sheet has been proccessed.
65 combinations have been processed.
35 recipes were output.
30 recipes were filtered due to number of machines.
Execution time: 0.00170285 seconds.
Output time: 0.042342 seconds.

Steel Beam about to be processed.
Estimated to need to process 69 combinations to complete.
Steel Beam has been proccessed.
69 combinations have been processed.
54 recipes were output.
15 recipes were filtered due to number of machines.
Execution time: 0.00414205 seconds.
Output time: 0.0431373 seconds.

Ficsite Ingot about to be processed.
Estimated to need to process 22 combinations to complete.
Ficsite Ingot has been proccessed.
22 combinations have been processed.
22 recipes were output.
0 recipes were filtered due to number of machines.
Execution time: 0.00110706 seconds.
Output time: 0.0349282 seconds.

Iron Rod about to be processed.
Estimated to need to process 26 combinations to complete.
Iron Rod has been proccessed.
26 combinations have been processed.
20 recipes were output.
6 recipes were filtered due to number of machines.
Execution time: 0.00398082 seconds.
Output time: 0.0304227 seconds.

Dark Matter Crystal about to be processed.
Estimated to need to process 15 combinations to complete.
Dark Matter Crystal has been proccessed.
15 combinations have been processed.
15 recipes were output.
0 recipes were filtered due to number of machines.
Execution time: 0.00129592 seconds.
Output time: 0.0355589 seconds.

Stator about to be processed.
Estimated to need to process 2254 combinations to complete.
Stator has been proccessed.
2254 combinations have been processed.
296 recipes were output.
1958 recipes were filtered due to number of machines.
Execution time: 0.0199977 seconds.
Output time: 0.0552512 seconds.

SAM Fluctuator about to be processed.
Estimated to need to process 1242 combinations to complete.
SAM Fluctuator has been proccessed.
1242 combinations have been processed.
220 recipes were output.
1022 recipes were filtered due to number of machines.
Execution time: 0.0171331 seconds.
Output time: 0.0628347 seconds.

Nitric Acid about to be processed.
Estimated to need to process 28 combinations to complete.
Nitric Acid has been proccessed.
28 combinations have been processed.
21 recipes were output.
7 recipes were filtered due to number of machines.
Execution time: 0.0033379 seconds.
Output time: 0.0565511 seconds.

Portable Miner about to be processed.
Estimated to need to process 1288 combinations to complete.
Portable Miner has been proccessed.
1288 combinations have been processed.
32 recipes were output.
1256 recipes were filtered due to number of machines.
Execution time: 0.00870502 seconds.
Output time: 0.0550302 seconds.

High-Speed Connector about to be processed.
Estimated to need to process 106722 combinations to complete.
High-Speed Connector has been proccessed.
106722 combinations have been processed.
1276 recipes were output.
105446 recipes were filtered due to number of machines.
Execution time: 0.418366 seconds.
Output time: 0.0821336 seconds.

FICSMAS Wreath about to be processed.
Estimated to need to process 17 combinations to complete.
FICSMAS Wreath has been proccessed.
17 combinations have been processed.
13 recipes were output.
4 recipes were filtered due to number of machines.
Execution time: 0.00267035 seconds.
Output time: 0.0490542 seconds.

Heat Sink about to be processed.
Estimated to need to process 492 combinations to complete.
Heat Sink has been proccessed.
492 combinations have been processed.
132 recipes were output.
360 recipes were filtered due to number of machines.
Execution time: 0.00680445 seconds.
Output time: 0.0524177 seconds.

Battery about to be processed.
Estimated to need to process 2032 combinations to complete.
Battery has been proccessed.
2032 combinations have been processed.
224 recipes were output.
1808 recipes were filtered due to number of machines.
Execution time: 0.0253648 seconds.
Output time: 0.0532659 seconds.

Encased Industrial Beam about to be processed.
Estimated to need to process 600 combinations to complete.
Encased Industrial Beam has been proccessed.
600 combinations have been processed.
130 recipes were output.
470 recipes were filtered due to number of machines.
Execution time: 0.00848736 seconds.
Output time: 0.0411386 seconds.

Ficsite Trigon about to be processed.
Estimated to need to process 22 combinations to complete.
Ficsite Trigon has been proccessed.
22 combinations have been processed.
21 recipes were output.
1 recipes were filtered due to number of machines.
Execution time: 0.00149723 seconds.
Output time: 0.0433005 seconds.

Screws about to be processed.
Estimated to need to process 79 combinations to complete.
Screws has been proccessed.
79 combinations have been processed.
37 recipes were output.
42 recipes were filtered due to number of machines.
Execution time: 0.00204252 seconds.
Output time: 0.042824 seconds.

Power Shard about to be processed.
Estimated to need to process 315 combinations to complete.
Power Shard has been proccessed.
315 combinations have been processed.
45 recipes were output.
270 recipes were filtered due to number of machines.
Execution time: 0.00449643 seconds.
Output time: 0.048703 seconds.

Electromagnetic Control Rod about to be processed.
Estimated to need to process 403152 combinations to complete.
Electromagnetic Control Rod has been proccessed.
403152 combinations have been processed.
8229 recipes were output.
394923 recipes were filtered due to number of machines.
Execution time: 1.91035 seconds.
Output time: 0.414632 seconds.

FICSMAS Wonder Star about to be processed.
Estimated to need to process 13 combinations to complete.
FICSMAS Wonder Star has been proccessed.
13 combinations have been processed.
13 recipes were output.
0 recipes were filtered due to number of machines.
Execution time: 0.00282788 seconds.
Output time: 0.0460893 seconds.

Rotor about to be processed.
Estimated to need to process 2352 combinations to complete.
Rotor has been proccessed.
2352 combinations have been processed.
495 recipes were output.
1857 recipes were filtered due to number of machines.
Execution time: 0.0211846 seconds.
Output time: 0.0541802 seconds.

Reinforced Iron Plate about to be processed.
Estimated to need to process 2884 combinations to complete.
Reinforced Iron Plate has been proccessed.
2884 combinations have been processed.
311 recipes were output.
2573 recipes were filtered due to number of machines.
Execution time: 0.0223423 seconds.
Output time: 0.0543878 seconds.

Crystal Oscillator about to be processed.
Estimated to need to process 91017 combinations to complete.
Crystal Oscillator has been proccessed.
91017 combinations have been processed.
154 recipes were output.
90863 recipes were filtered due to number of machines.
Execution time: 0.652952 seconds.
Output time: 0.0594557 seconds.

Modular Frame about to be processed.
Estimated to need to process 32033 combinations to complete.
Modular Frame has been proccessed.
32033 combinations have been processed.
1194 recipes were output.
30839 recipes were filtered due to number of machines.
Execution time: 0.175637 seconds.
Output time: 0.10758 seconds.

Computer about to be processed.
Estimated to need to process 19208 combinations to complete.
Computer has been proccessed.
19208 combinations have been processed.
1026 recipes were output.
18182 recipes were filtered due to number of machines.
Execution time: 0.123935 seconds.
Output time: 0.0916961 seconds.

Superposition Oscillator about to be processed.
Estimated to need to process 80850 combinations to complete.
Superposition Oscillator has been proccessed.
80850 combinations have been processed.
10306 recipes were output.
70544 recipes were filtered due to number of machines.
Execution time: 0.759057 seconds.
Output time: 0.541488 seconds.

Motor about to be processed.
Estimated to need to process 26783955 combinations to complete.
Motor has been proccessed.
26783955 combinations have been processed.
25028 recipes were output.
26758927 recipes were filtered due to number of machines.
Execution time: 82.5125 seconds.
Output time: 0.808294 seconds.

Uranium Fuel Rod about to be processed.
Estimated to need to process 1463928448 combinations to complete.


=== Profiling Statistics ===
=== Pipeline Summary ===
Combinations processed: 27531700 (raw count)
Passed ID filter: 495913 (1.80124%)
Passed speed filter: 49925 (0.181336%)
Passed merge filter: 49925 (0.181336%)
Recipes output: 49925 (0.181336%)

=== Filter Statistics ===
Filtered by ID conflict: 27035787 (98.1988% of combinations)
Filtered by speed filter: 445988 (89.9327% of ID-valid combinations)
Filtered after merge: 0 (0% of speed-valid combinations)

=== Merge Statistics ===
merge_ID calls: 27035787 (raw count)
Average ID entries: 10.3175
Max ID entries: 24
Average ID merges per combination: 0.981988
Average ID merges per ID-valid combination: 54.5172

merge_recipes calls: 49925 (raw count)
combine_recipes calls: 112958 (raw count)
Merge skip rate: 1.61991%

=== Fraction Statistics ===
Average LCM calls per generated chain: 3
Average fraction reductions per generated chain: 32
Maximum speed LCM: 2700

=== Machine Statistics ===
Maximum machine count observed: 2.52e+06

=== Timing Breakdown ===
Total Generation Time: 91.9225 seconds.
Count Check: 0.000434116% (1.44942e-11 seconds per combination)
ID Total: 56.5595% (1.8884e-06 seconds per combination)
- Prep: 16.246% (3.0679e-07 seconds per combination)
- Build: 76.3636% (1.44205e-06 seconds per combination)
Chain generation: 3.16284% (5.86264e-06 seconds per chain)
Merge: 0.91086% (1.68837e-06 seconds per surviving chain)
- Combine: 90.3738% (1.51565e-05 seconds per surviving chain)
LCM: 0.855046% (1.58491e-06 seconds per chain)
Incrementor: 21.4546% (3.97683e-05 seconds per combination)
- Rebuild: 0.00253987% (1.01006e-09 seconds per combination)
Output: 5.267% (9.69767e-05 seconds per outputed chain)
Total generation: 0.00018536 seconds per chain
Total generation: 3.33879e-06 seconds per combination

27531700 combinations were processed.
49925 recipes were output.
27481775 recipes were filtered due to number of machines.
Execution time: 91.9297 seconds.
